
> ai-resume-analyzer@0.1.0 dev
> next dev

 ⚠ Port 3000 is in use, trying 3001 instead.
 ⚠ Port 3001 is in use, trying 3002 instead.
  ▲ Next.js 14.2.25
  - Local:        http://localhost:3002
  - Environments: .env.loca   Reload env: .env.local
   Reload env: .env
 ○ Compiling /middleware ...
 ✓ Compiled /middleware in 706ms (293 modules)
 ○ Compiling / ...
 ✓ Compiled / in 3s (885 modules)
 GET / 200 in 3173ms
INFO: Clerk: The request to /dashboard is being redirected because there is no signed-in user, and the path is not included in `ignoredRoutes` or `publicRoutes`. To prevent this behavior, choose one of:

1. To make the route accessible to both signed in and signed out users, add "/dashboard" to the `publicRoutes` array passed to authMiddleware
2. To prevent Clerk authentication from running at all, add "/dashboard" to the `ignoredRoutes` array passed to authMiddleware
3. Pass a custom `afterAuth` to authMiddleware, and replace Clerk's default behavior of redirecting unless a route is included in publicRoutes

For additional information about middleware, please visit https://clerk.com/docs/nextjs/middleware
(This log only appears in development mode, or if `debug: true` is passed to authMiddleware)
INFO: Clerk: The request to /dashboard is being redirected because there is no signed-in user, and the path is not included in `ignoredRoutes` or `publicRoutes`. To prevent this behavior, choose one of:

1. To make the route accessible to both signed in and signed out users, add "/dashboard" to the `publicRoutes` array passed to authMiddleware
2. To prevent Clerk authentication from running at all, add "/dashboard" to the `ignoredRoutes` array passed to authMiddleware
3. Pass a custom `afterAuth` to authMiddleware, and replace Clerk's default behavior of redirecting unless a route is included in publicRoutes

For additional information about middleware, please visit https://clerk.com/docs/nextjs/middleware
(This log only appears in development mode, or if `debug: true` is passed to authMiddleware)
 ✓ Compiled in 214ms (353 modules)
 ✓ Compiled in 113ms (353 modules)
 ○ Compiling /dashboard ...
 ✓ Compiled /dashboard in 2.8s (1483 modules)
 GET /dashboard 200 in 3629ms
 POST /dashboard 200 in 49ms
 POST /dashboard 200 in 19ms
 ✓ Compiled in 115ms (476 modules)
 GET /dashboard?_rsc=1jqx0 200 in 27ms
 POST /dashboard 200 in 16ms
 POST /dashboard 200 in 13ms
 ✓ Compiled in 104ms (476 modules)
 GET /dashboard?_rsc=1jqx0 200 in 24ms
 ✓ Compiled in 99ms (476 modules)
 GET /dashboard?_rsc=1jqx0 200 in 21ms
 ✓ Compiled in 81ms (476 modules)
 GET /dashboard?_rsc=1jqx0 200 in 17ms
 ✓ Compiled in 121ms (476 modules)
 ⨯ SyntaxError: Unexpected non-whitespace character after JSON at position 361 (line 19 column 2)
    at JSON.parse (<anonymous>)
    at loadManifest (F:\meowmeow90\node_modules\next\dist\server\load-manifest.js:36:25)
    at loadManifestWithRetries (F:\meowmeow90\node_modules\next\dist\server\load-components.js:40:51)
    at async Promise.all (index 0)
    at async loadComponentsImpl (F:\meowmeow90\node_modules\next\dist\server\load-components.js:84:100)
    at async DevServer.findPageComponentsImpl (F:\meowmeow90\node_modules\next\dist\server\next-server.js:714:36)
    at async DevServer.findPageComponents (F:\meowmeow90\node_modules\next\dist\server\dev\next-dev-server.js:577:20)
    at async DevServer.renderPageComponent (F:\meowmeow90\node_modules\next\dist\server\base-server.js:1910:24)
    at async DevServer.renderToResponseImpl (F:\meowmeow90\node_modules\next\dist\server\base-server.js:1962:32)
    at async DevServer.pipeImpl (F:\meowmeow90\node_modules\next\dist\server\base-server.js:922:25)
    at async NextNodeServer.handleCatchallRenderRequest (F:\meowmeow90\node_modules\next\dist\server\next-server.js:272:17)
    at async DevServer.handleRequestImpl (F:\meowmeow90\node_modules\next\dist\server\base-server.js:818:17)
    at async F:\meowmeow90\node_modules\next\dist\server\dev\next-dev-server.js:339:20
    at async Span.traceAsyncFn (F:\meowmeow90\node_modules\next\dist\trace\trace.js:154:20)
    at async DevServer.handleRequest (F:\meowmeow90\node_modules\next\dist\server\dev\next-dev-server.js:336:24)
    at async invokeRender (F:\meowmeow90\node_modules\next\dist\server\lib\router-server.js:182:21)
    at async handleRequest (F:\meowmeow90\node_modules\next\dist\server\lib\router-server.js:359:24)
    at async requestHandlerImpl (F:\meowmeow90\node_modules\next\dist\server\lib\router-server.js:383:13)
    at async Server.requestListener (F:\meowmeow90\node_modules\next\dist\server\lib\start-server.js:141:13) {
  page: '/'
}
 ○ Compiling /_error ...
 ✓ Compiled /_error in 787ms (1693 modules)
 GET /?_rsc=cko5h 200 in 60ms
 GET /?_rsc=cko5h 200 in 15ms
 GET / 200 in 73ms
 ✓ Compiled in 330ms (1707 modules)
 GET /?_rsc=pjuj5 200 in 36ms
 ✓ Compiled in 275ms (1707 modules)
 GET /?_rsc=pjuj5 200 in 27ms
 ✓ Compiled in 312ms (1707 modules)
 GET /?_rsc=pjuj5 200 in 27ms
 ✓ Compiled in 350ms (1707 modules)
 GET /?_rsc=pjuj5 200 in 28ms
 ✓ Compiled in 269ms (1707 modules)
 GET /?_rsc=pjuj5 200 in 41ms
 ✓ Compiled in 74ms (293 modules)
 ✓ Compiled in 623ms (1705 modules)
 GET /?_rsc=pjuj5 200 in 87ms
<w> [webpack.cache.PackFileCacheStrategy] Caching failed for pack: Error: ENOENT: no such file or directory, rename 'F:\meowmeow90\.next\cache\webpack\server-development\0.pack.gz_' -> 'F:\meowmeow90\.next\cache\webpack\server-development\0.pack.gz'
 GET / 200 in 69ms
 ✓ Compiled /_not-found in 293ms (1694 modules)
 GET /_next/static/chunks/main-app.js?v=1789410917610 404 in 391ms
 GET /_next/static/chunks/app-pages-internals.js 404 in 390ms
 GET /_next/static/chunks/app/(marketing)/page.js 404 in 389ms
 ✓ Compiled in 588ms (1704 modules)
 GET /dashboard 200 in 474ms
 GET /_next/static/chunks/main-app.js?v=1789410920687 404 in 24ms
 GET /_next/static/chunks/app-pages-internals.js 404 in 24ms
 GET /_next/static/chunks/app/dashboard/page.js 404 in 24ms
 GET /dashboard 200 in 54ms
 GET /_next/static/chunks/app-pages-internals.js 404 in 21ms
 GET /_next/static/chunks/main-app.js?v=1789410928890 404 in 22ms
 GET /_next/static/chunks/app/dashboard/page.js 404 in 21ms
 ✓ Compiled in 456ms (1709 modules)
 ✓ Compiled in 334ms (1709 modules)
 ✓ Compiled in 220ms (1709 modules)
 ✓ Compiled in 369ms (1709 modules)
 ✓ Compiled in 221ms (1709 modules)
 GET / 200 in 114ms
 ✓ Compiled /_not-found in 313ms (1698 modules)
 GET /_next/static/chunks/app-pages-internals.js 404 in 397ms
 GET /_next/static/chunks/app/(marketing)/page.js 404 in 397ms
 GET /_next/static/chunks/main-app.js?v=1789411268544 404 in 399ms
 ✓ Compiled in 346ms (1704 modules)
 ✓ Compiled in 628ms (1712 modules)
 ✓ Compiled in 269ms (663 modules)
<w> [webpack.cache.PackFileCacheStrategy] Caching failed for pack: Error: ENOENT: no such file or directory, rename 'F:\meowmeow90\.next\cache\webpack\client-development\0.pack.gz_' -> 'F:\meowmeow90\.next\cache\webpack\client-development\0.pack.gz'
 GET / 200 in 116ms
 GET /_next/static/chunks/main-app.js?v=1789411397594 404 in 24ms
 GET /_next/static/chunks/app-pages-internals.js 404 in 23ms
 GET /_next/static/chunks/app/(marketing)/page.js 404 in 22ms
 GET / 200 in 37ms
 GET /_next/static/chunks/main-app.js?v=1789411514346 404 in 18ms
 GET /_next/static/chunks/app/(marketing)/page.js 404 in 17ms
 GET /_next/static/chunks/app-pages-internals.js 404 in 17ms
 GET / 200 in 52ms
 GET /_next/static/chunks/app-pages-internals.js 404 in 27ms
 GET /_next/static/chunks/main-app.js?v=1789411576858 404 in 30ms
 GET /_next/static/chunks/app/(marketing)/page.js 404 in 25ms
 GET / 200 in 64ms
 GET /_next/static/chunks/main-app.js?v=1789411620217 404 in 32ms
 GET /_next/static/chunks/app-pages-internals.js 404 in 32ms
 GET /_next/static/chunks/app/(marketing)/page.js 404 in 31ms
 GET /dashboard 200 in 60ms
 GET /_next/static/chunks/app-pages-internals.js 404 in 15ms
 GET /_next/static/chunks/main-app.js?v=1789411666949 404 in 17ms
<w> [webpack.cache.PackFileCacheStrategy] Restoring pack from F:\meowmeow90\.next\cache\webpack\edge-server-development.pack.gz failed: TypeError: Cannot read properties of undefined (reading 'hasStartTime')
 ✓ Compiled in 603ms (1997 modules)
 GET /dashboard 200 in 101ms
 ✓ Compiled /_not-found in 186ms (1693 modules)
 GET /_next/static/chunks/main-app.js?v=1789411787052 404 in 224ms
 GET /_next/static/chunks/app-pages-internals.js 404 in 225ms
 GET /dashboard 200 in 41ms
 GET /_next/static/chunks/main-app.js?v=1789411795031 404 in 23ms
 GET /_next/static/chunks/app-pages-internals.js 404 in 23ms
 GET / 200 in 41ms
 GET /_next/static/chunks/main-app.js?v=1789411801632 404 in 26ms
 GET /_next/static/chunks/app-pages-internals.js 404 in 25ms
 GET /_next/static/chunks/app/(marketing)/page.js 404 in 26ms
 GET /dashboard 200 in 39ms
 GET /_next/static/chunks/main-app.js?v=1789411802555 404 in 18ms
 GET /_next/static/chunks/app-pages-internals.js 404 in 18ms
<w> [webpack.cache.PackFileCacheStrategy] Caching failed for pack: Error: ENOENT: no such file or directory, rename 'F:\meowmeow90\.next\cache\webpack\edge-server-development\0.pack.gz_' -> 'F:\meowmeow90\.next\cache\webpack\edge-server-development\0.pack.gz'
 ✓ Compiled in 731ms (1707 modules)
 ✓ Compiled in 201ms (663 modules)
 GET / 200 in 54ms
 GET /_next/static/chunks/main-app.js?v=1789411824838 404 in 26ms
 GET /_next/static/chunks/app-pages-internals.js 404 in 26ms
 GET /_next/static/chunks/app/(marketing)/page.js 404 in 26ms
meowmeow90\.next\server\vendor-chunks\class-variance-authority.js', but to 'Error: Can't resolve './vendor-chunks/class-variance-authority' in 'F:\meowmeow90\.next\server'' instead. Resolving dependencies are ignored for this path.
<w>  at resolve commonjs file ./vendor-chunks/class-variance-authority (expected F:\meowmeow90\.next\server\vendor-chunks\class-variance-authority.js)
<w>  at file dependencies F:\meowmeow90\.next\server\webpack-runtime.js
<w>  at file F:\meowmeow90\.next\server\webpack-runtime.js
<w>  at file dependencies F:\meowmeow90\.next\server\app\(marketing)\page.js
<w>  at file F:\meowmeow90\.next\server\app\(marketing)\page.js
<w>  at file dependencies F:\meowmeow90\node_modules\next\dist\server\require.js
<w>  at file F:\meowmeow90\node_modules\next\dist\server\require.js
<w>  at file dependencies F:\meowmeow90\node_modules\next\dist\server\load-components.js
<w>  at file F:\meowmeow90\node_modules\next\dist\server\load-components.js
<w>  at file dependencies F:\meowmeow90\node_modules\next\dist\build\utils.js
<w>  at file F:\meowmeow90\node_modules\next\dist\build\utils.js
<w>  at file dependencies F:\meowmeow90\node_modules\next\dist\build\webpack\loaders\next-app-loader.js
<w>  at file F:\meowmeow90\node_modules\next\dist\build\webpack\loaders\next-app-loader.js
<w>  at file dependencies F:\meowmeow90\node_modules\next\dist\compiled\loader-runner\LoaderRunner.js
<w>  at file F:\meowmeow90\node_modules\next\dist\compiled\loader-runner\LoaderRunner.js
<w>  at file dependencies F:\meowmeow90\node_modules\next\dist\compiled\webpack\bundle5.js
<w>  at file F:\meowmeow90\node_modules\next\dist\compiled\webpack\bundle5.js
<w>  at file dependencies F:\meowmeow90\node_modules\next\dist\compiled\webpack\webpack.js
<w>  at file F:\meowmeow90\node_modules\next\dist\compiled\webpack\webpack.js
<w>  at file dependencies F:\meowmeow90\node_modules\next\dist\build\webpack\plugins\define-env-plugin.js
<w>  at file F:\meowmeow90\node_modules\next\dist\build\webpack\plugins\define-env-plugin.js
<w>  at file dependencies F:\meowmeow90\node_modules\next\dist\build\swc\index.js
<w>  at file F:\meowmeow90\node_modules\next\dist\build\swc\index.js
<w>  at file dependencies F:\meowmeow90\node_modules\next\dist\build\webpack\loaders\next-barrel-loader.js
<w>  at file F:\meowmeow90\node_modules\next\dist\build\webpack\loaders\next-barrel-loader.js
<w>  at resolve commonjs F:\meowmeow90\node_modules\next\dist\build\webpack\loaders\next-barrel-loader.js
<w> [webpack.cache.PackFileCacheStrategy/webpack.FileSystemInfo] Resolving './vendor-chunks/@radix-ui' in F:\meowmeow90\.next\server for build dependencies doesn't lead to expected result 'F:\meowmeow90\.next\server\vendor-chunks\@radix-ui.js', but to 'Error: Can't resolve './vendor-chunks/@radix-ui' in 'F:\meowmeow90\.next\server'' instead. Resolving dependencies are ignored for this path.
<w>  at resolve commonjs file ./vendor-chunks/@radix-ui (expected F:\meowmeow90\.next\server\vendor-chunks\@radix-ui.js)
<w>  at file dependencies F:\meowmeow90\.next\server\webpack-runtime.js
<w>  at file F:\meowmeow90\.next\server\webpack-runtime.js
<w>  at file dependencies F:\meowmeow90\.next\server\app\(marketing)\page.js
<w>  at file F:\meowmeow90\.next\server\app\(marketing)\page.js
<w>  at file dependencies F:\meowmeow90\node_modules\next\dist\server\require.js
<w>  at file F:\meowmeow90\node_modules\next\dist\server\require.js
<w>  at file dependencies F:\meowmeow90\node_modules\next\dist\server\load-components.js
<w>  at file F:\meowmeow90\node_modules\next\dist\server\load-components.js
<w>  at file dependencies F:\meowmeow90\node_modules\next\dist\build\utils.js
<w>  at file F:\meowmeow90\node_modules\next\dist\build\utils.js
<w>  at file dependencies F:\meowmeow90\node_modules\next\dist\build\webpack\loaders\next-app-loader.js
<w>  at file F:\meowmeow90\node_modules\next\dist\build\webpack\loaders\next-app-loader.js
<w>  at file dependencies F:\meowmeow90\node_modules\next\dist\compiled\loader-runner\LoaderRunner.js
<w>  at file F:\meowmeow90\node_modules\next\dist\compiled\loader-runner\LoaderRunner.js
<w>  at file dependencies F:\meowmeow90\node_modules\next\dist\compiled\webpack\bundle5.js
<w>  at file F:\meowmeow90\node_modules\next\dist\compiled\webpack\bundle5.js
<w>  at file dependencies F:\meowmeow90\node_modules\next\dist\compiled\webpack\webpack.js
<w>  at file F:\meowmeow90\node_modules\next\dist\compiled\webpack\webpack.js
<w>  at file dependencies F:\meowmeow90\node_modules\next\dist\build\webpack\plugins\define-env-plugin.js
<w>  at file F:\meowmeow90\node_modules\next\dist\build\webpack\plugins\define-env-plugin.js
<w>  at file dependencies F:\meowmeow90\node_modules\next\dist\build\swc\index.js
<w>  at file F:\meowmeow90\node_modules\next\dist\build\swc\index.js
<w>  at file dependencies F:\meowmeow90\node_modules\next\dist\build\webpack\loaders\next-barrel-loader.js
<w>  at file F:\meowmeow90\node_modules\next\dist\build\webpack\loaders\next-barrel-loader.js
<w>  at resolve commonjs F:\meowmeow90\node_modules\next\dist\build\webpack\loaders\next-barrel-loader.js
<w> [webpack.cache.PackFileCacheStrategy/webpack.FileSystemInfo] Resolving './vendor-chunks/tailwind-merge' in F:\meowmeow90\.next\server for build dependencies doesn't lead to expected result 'F:\meowmeow90\.next\server\vendor-chunks\tailwind-merge.js', but to 'Error: Can't resolve './vendor-chunks/tailwind-merge' in 'F:\meowmeow90\.next\server'' instead. Resolving dependencies are ignored for this path.
<w>  at resolve commonjs file ./vendor-chunks/tailwind-merge (expected F:\meowmeow90\.next\server\vendor-chunks\tailwind-merge.js)
<w>  at file dependencies F:\meowmeow90\.next\server\webpack-runtime.js
<w>  at file F:\meowmeow90\.next\server\webpack-runtime.js
<w>  at file dependencies F:\meowmeow90\.next\server\app\(marketing)\page.js
<w>  at file F:\meowmeow90\.next\server\app\(marketing)\page.js
<w>  at file dependencies F:\meowmeow90\node_modules\next\dist\server\require.js
<w>  at file F:\meowmeow90\node_modules\next\dist\server\require.js
<w>  at file dependencies F:\meowmeow90\node_modules\next\dist\server\load-components.js
<w>  at file F:\meowmeow90\node_modules\next\dist\server\load-components.js
<w>  at file dependencies F:\meowmeow90\node_modules\next\dist\build\utils.js
<w>  at file F:\meowmeow90\node_modules\next\dist\build\utils.js
<w>  at file dependencies F:\meowmeow90\node_modules\next\dist\build\webpack\loaders\next-app-loader.js
<w>  at file F:\meowmeow90\node_modules\next\dist\build\webpack\loaders\next-app-loader.js
<w>  at file dependencies F:\meowmeow90\node_modules\next\dist\compiled\loader-runner\LoaderRunner.js
<w>  at file F:\meowmeow90\node_modules\next\dist\compiled\loader-runner\LoaderRunner.js
<w>  at file dependencies F:\meowmeow90\node_modules\next\dist\compiled\webpack\bundle5.js
<w>  at file F:\meowmeow90\node_modules\next\dist\compiled\webpack\bundle5.js
<w>  at file dependencies F:\meowmeow90\node_modules\next\dist\compiled\webpack\webpack.js
<w>  at file F:\meowmeow90\node_modules\next\dist\compiled\webpack\webpack.js
<w>  at file dependencies F:\meowmeow90\node_modules\next\dist\build\webpack\plugins\define-env-plugin.js
<w>  at file F:\meowmeow90\node_modules\next\dist\build\webpack\plugins\define-env-plugin.js
<w>  at file dependencies F:\meowmeow90\node_modules\next\dist\build\swc\index.js
<w>  at file F:\meowmeow90\node_modules\next\dist\build\swc\index.js
<w>  at file dependencies F:\meowmeow90\node_modules\next\dist\build\webpack\loaders\next-barrel-loader.js
<w>  at file F:\meowmeow90\node_modules\next\dist\build\webpack\loaders\next-barrel-loader.js
<w>  at resolve commonjs F:\meowmeow90\node_modules\next\dist\build\webpack\loaders\next-barrel-loader.js
 GET /dashboard 200 in 42ms
 GET /_next/static/css/app/layout.css?v=1789405220466 404 in 19ms
 GET /_next/static/chunks/app/layout.js 404 in 21ms
 GET /_next/static/chunks/app-pages-internals.js 404 in 19ms
 GET /_next/static/chunks/app/dashboard/page.js 404 in 20ms
 GET /_next/static/chunks/main-app.js?v=1789405220466 404 in 20ms
 ✓ Compiled in 352ms (1443 modules)
   Reload env: .env.local
 ✓ Compiled in 356ms (1429 modules)
   Reload env: .env
 ✓ Compiled in 264ms (1429 modules)
 ✓ Compiled in 316ms (440 modules)
 ✓ Compiled in 232ms (440 modules)
 ✓ Compiled in 485ms (1150 modules)
<w> [webpack.cache.PackFileCacheStrategy] Caching failed for pack: Error: invalid distance code
 ✓ Compiled in 94ms (440 modules)
 ✓ Compiled in 323ms (1136 modules)
<w> [webpack.cache.PackFileCacheStrategy] Caching failed for pack: Error: invalid distance code
 ✓ Compiled in 183ms (440 modules)
 ✓ Compiled in 129ms (440 modules)
 ✓ Compiled in 96ms (440 modules)
 ✓ Compiled in 106ms (440 modules)
 ✓ Compiled in 72ms (293 modules)
 ✓ Compiled in 135ms (440 modules)
 ✓ Compiled in 97ms (440 modules)
 ✓ Compiled in 143ms (440 modules)
 ✓ Compiled in 117ms (440 modules)
 ✓ Compiled in 94ms (440 modules)
 ✓ Compiled in 86ms (440 modules)
 ✓ Compiled in 75ms (440 modules)
 ✓ Compiled in 178ms (440 modules)
 ✓ Compiled in 66ms (440 modules)
 ✓ Compiled in 83ms (440 modules)
 ✓ Compiled in 79ms (440 modules)
 ✓ Compiled in 626ms (1160 modules)
 ✓ Compiled in 339ms (1150 modules)
 ✓ Compiled in 301ms (1162 modules)
 ✓ Compiled in 212ms (1182 modules)
 ✓ Compiled in 330ms (1184 modules)
 ✓ Compiled in 415ms (1208 modules)
 ✓ Compiled in 121ms (469 modules)
<w> [webpack.cache.PackFileCacheStrategy] Caching failed for pack: Error: invalid distance code
 ✓ Compiled in 321ms (1202 modules)
 ✓ Compiled in 223ms (1203 modules)
 ✓ Compiled in 365ms (1215 modules)
 ✓ Compiled in 3.2s (1487 modules)
<w> [webpack.cache.PackFileCacheStrategy] Caching failed for pack: Error: invalid distance code
 ✓ Compiled in 735ms (478 modules)
 ✓ Compiled in 1244ms (1487 modules)
 ✓ Compiled in 347ms (1487 modules)
 ✓ Compiled in 362ms (1489 modules)
 ✓ Compiled in 352ms (1489 modules)
 ✓ Compiled in 269ms (1491 modules)
 ✓ Compiled in 297ms (1491 modules)
 ✓ Compiled in 348ms (1499 modules)
 ✓ Compiled in 313ms (1507 modules)
 ✓ Compiled in 372ms (1509 modules)
 ✓ Compiled in 484ms (1509 modules)
 ✓ Compiled in 94ms (488 modules)
 ✓ Compiled in 87ms (488 modules)
 ✓ Compiled in 80ms (488 modules)
 ✓ Compiled in 89ms (488 modules)
 ✓ Compiled in 95ms (488 modules)
 ✓ Compiled in 120ms (488 modules)
 ✓ Compiled in 444ms (1509 modules)
 ✓ Compiled in 205ms (1509 modules)
 ✓ Compiled in 370ms (1477 modules)
 ✓ Compiled in 364ms (1477 modules)
 ✓ Compiled in 214ms (1475 modules)
 ✓ Compiled in 208ms (1483 modules)
 ✓ Compiled in 71ms (476 modules)
 GET / 200 in 108ms
 GET /dashboard 200 in 78ms
 POST /dashboard 200 in 51ms
 ○ Compiling /api/interview ...
 ✓ Compiled /api/interview in 668ms (1238 modules)
 ✓ Compiled /_not-found in 210ms (1703 modules)
 ○ Compiling /_error ...
 ✓ Compiled /_error in 734ms (1927 modules)
 POST /api/interview 404 in 1743ms
 GET / 404 in 14ms
 GET / 404 in 11ms
 ✓ Compiled in 213ms (662 modules)
 ✓ Compiled in 126ms (662 modules)
 ✓ Compiled in 697ms (1941 modules)
 ✓ Compiled in 132ms (662 modules)
 ✓ Compiled in 178ms (1707 modules)
 ✓ Compiled in 110ms (660 modules)
 ✓ Compiled in 92ms (660 modules)
 ✓ Compiled in 118ms (660 modules)
 ✓ Compiled in 388ms (1707 modules)
 ✓ Compiled in 294ms (1707 modules)
 ✓ Compiled in 238ms (1707 modules)
 ✓ Compiled in 307ms (1707 modules)
 ✓ Compiled in 249ms (1707 modules)
 ✓ Compiled in 326ms (293 modules)
 ✓ Compiled in 901ms (1707 modules)
 ✓ Compiled in 366ms (1703 modules)
 ✓ Compiled in 640ms (1711 modules)
 ✓ Compiled in 272ms (1711 modules)
 ✓ Compiled in 204ms (1711 modules)
 ✓ Compiled in 419ms (1711 modules)
 ✓ Compiled in 207ms (1711 modules)
 ✓ Compiled in 282ms (1703 modules)
 ✓ Compiled in 707ms (1711 modules)
 ✓ Compiled in 257ms (662 modules)
<w> [webpack.cache.PackFileCacheStrategy] Restoring pack from F:\meowmeow90\.next\cache\webpack\edge-server-development.pack.gz failed: TypeError: Cannot read properties of undefined (reading 'hasStartTime')
 ✓ Compiled in 684ms (1999 modules)
 ✓ Compiled in 657ms (1706 modules)
 ✓ Compiled in 189ms (662 modules)
 ✓ Compiled in 415ms (1704 modules)
 ✓ Compiled in 455ms (1655 modules)
 ✓ Compiled in 274ms (1655 modules)
 ✓ Compiled in 225ms (1655 modules)
 ✓ Compiled in 205ms (1653 modules)
 ✓ Compiled in 307ms (1653 modules)
 ✓ Compiled in 252ms (1646 modules)
 ✓ Compiled in 308ms (1644 modules)
 ✓ Compiled in 1460ms (1937 modules)
 ✓ Compiled in 299ms (627 modules)
 ✓ Compiled in 155ms (627 modules)
 ✓ Compiled in 149ms (627 modules)
 ✓ Compiled in 135ms (627 modules)
 ✓ Compiled in 145ms (627 modules)
 ✓ Compiled in 160ms (627 modules)
 ✓ Compiled in 174ms (627 modules)
 ✓ Compiled in 136ms (627 modules)
 ✓ Compiled in 187ms (627 modules)
 ✓ Compiled in 135ms (627 modules)
 ✓ Compiled in 132ms (627 modules)
 ✓ Compiled in 121ms (627 modules)
 ✓ Compiled in 143ms (627 modules)
 ✓ Compiled in 187ms (627 modules)
 ✓ Compiled in 157ms (627 modules)
 ✓ Compiled in 601ms (627 modules)
 ✓ Compiled in 137ms (627 modules)
 ✓ Compiled in 128ms (627 modules)
 ✓ Compiled in 178ms (627 modules)
 ✓ Compiled in 171ms (627 modules)
 ✓ Compiled in 144ms (627 modules)
 ✓ Compiled in 124ms (627 modules)
 ✓ Compiled in 140ms (627 modules)
 ✓ Compiled in 192ms (627 modules)
 ✓ Compiled in 181ms (627 modules)
 ✓ Compiled in 134ms (627 modules)
 ✓ Compiled in 129ms (627 modules)
 ✓ Compiled in 122ms (627 modules)
 ✓ Compiled in 133ms (627 modules)
 ✓ Compiled in 128ms (627 modules)
 ✓ Compiled in 186ms (627 modules)
 ✓ Compiled in 136ms (627 modules)
 ✓ Compiled in 110ms (627 modules)
 ✓ Compiled in 141ms (627 modules)
 ✓ Compiled in 169ms (627 modules)
 ✓ Compiled in 237ms (627 modules)
 ✓ Compiled in 135ms (627 modules)
 ✓ Compiled in 1150ms (1644 modules)
 ⨯ ./components/react-bits/CardNav.jsx
Error: 
  [31mx[0m Expected unicode escape
     ,-[[36;1;4mF:\meowmeow90\components\react-bits\CardNav.jsx[0m:133:1]
 [2m133[0m |   };
 [2m134[0m | 
 [2m135[0m |   return (
 [2m136[0m |     <div className={\`card-nav-container \${className}\`}>
     : [31;1m                    ^[0m
 [2m137[0m |       <nav ref={navRef} className={\`card-nav \${isExpanded ? 'open' : ''}\`} style={{ backgroundColor: baseColor }}>
 [2m138[0m |         <div className="card-nav-top">
 [2m139[0m |           <div
     `----

Caused by:
    Syntax Error

Import trace for requested module:
./components/react-bits/CardNav.jsx
./app/(marketing)/page.tsx
 ⨯ ./components/react-bits/CardNav.jsx
Error: 
  [31mx[0m Expected unicode escape
     ,-[[36;1;4mF:\meowmeow90\components\react-bits\CardNav.jsx[0m:133:1]
 [2m133[0m |   };
 [2m134[0m | 
 [2m135[0m |   return (
 [2m136[0m |     <div className={\`card-nav-container \${className}\`}>
     : [31;1m                    ^[0m
 [2m137[0m |       <nav ref={navRef} className={\`card-nav \${isExpanded ? 'open' : ''}\`} style={{ backgroundColor: baseColor }}>
 [2m138[0m |         <div className="card-nav-top">
 [2m139[0m |           <div
     `----

Caused by:
    Syntax Error

Import trace for requested module:
./components/react-bits/CardNav.jsx
./app/(marketing)/page.tsx
 ⨯ ./components/react-bits/CardNav.jsx
Error: 
  [31mx[0m Expected unicode escape
     ,-[[36;1;4mF:\meowmeow90\components\react-bits\CardNav.jsx[0m:133:1]
 [2m133[0m |   };
 [2m134[0m | 
 [2m135[0m |   return (
 [2m136[0m |     <div className={\`card-nav-container \${className}\`}>
     : [31;1m                    ^[0m
 [2m137[0m |       <nav ref={navRef} className={\`card-nav \${isExpanded ? 'open' : ''}\`} style={{ backgroundColor: baseColor }}>
 [2m138[0m |         <div className="card-nav-top">
 [2m139[0m |           <div
     `----

Caused by:
    Syntax Error

Import trace for requested module:
./components/react-bits/CardNav.jsx
./app/(marketing)/page.tsx
 ⨯ ./components/react-bits/CardNav.jsx
Error: 
  [31mx[0m Expected unicode escape
     ,-[[36;1;4mF:\meowmeow90\components\react-bits\CardNav.jsx[0m:133:1]
 [2m133[0m |   };
 [2m134[0m | 
 [2m135[0m |   return (
 [2m136[0m |     <div className={\`card-nav-container \${className}\`}>
     : [31;1m                    ^[0m
 [2m137[0m |       <nav ref={navRef} className={\`card-nav \${isExpanded ? 'open' : ''}\`} style={{ backgroundColor: baseColor }}>
 [2m138[0m |         <div className="card-nav-top">
 [2m139[0m |           <div
     `----

Caused by:
    Syntax Error

Import trace for requested module:
./components/react-bits/CardNav.jsx
./app/(marketing)/page.tsx
 ⨯ ./components/react-bits/MagicBento.jsx
Error: 
  [31mx[0m Expected unicode escape
    ,-[[36;1;4mF:\meowmeow90\components\react-bits\MagicBento.jsx[0m:10:1]
 [2m10[0m | const createParticleElement = (x, y, color = DEFAULT_GLOW_COLOR) => {
 [2m11[0m |   const el = document.createElement('div');
 [2m12[0m |   el.className = 'particle';
 [2m13[0m |   el.style.cssText = \`
    : [31;1m                     ^[0m
 [2m14[0m |     position: absolute;
 [2m15[0m |     width: 4px;
 [2m16[0m |     height: 4px;
    `----

Caused by:
    Syntax Error

Import trace for requested module:
./components/react-bits/MagicBento.jsx
./app/(marketing)/page.tsx
 ⨯ ./app/dashboard/page.tsx
Error: 
  [31mx[0m Expected unicode escape
     ,-[[36;1;4mF:\meowmeow90\app\dashboard\page.tsx[0m:163:1]
 [2m163[0m | 
 [2m164[0m |   const exportMD = () => {
 [2m165[0m |     if (!atsAnalysis) return;
 [2m166[0m |     const md = \`# ATS Report\n**Date**: \${new Date().toLocaleDateString()}\n**Role**: \${targetRole}\n**Score**: \${atsAnalysis.atsScore}/100\n\n## Summary\n\${atsAnalysis.summary}\n\n## Matching\n\${atsAnalysis.matchingKeywords.map(k => \`- [x] \${k}\`).join("\n")}\n\n## Missing\n\${atsAnalysis.missingKeywords.map(k => \`- [ ] \${k}\`).join("\n")}\n\n## Strengths\n\${atsAnalysis.strengths.map(s => \`- \${s}\`).join("\n")}\`;
     : [31;1m               ^[0m
 [2m167[0m |     const a = document.createElement("a");
 [2m168[0m |     a.href = URL.createObjectURL(new Blob([md], { type: "text/markdown" }));
 [2m169[0m |     a.download = \`ats-report-\${Date.now()}.md\`; a.click();
     `----

Caused by:
    Syntax Error

Import trace for requested module:
./app/dashboard/page.tsx
 ✓ Compiled in 1241ms (1842 modules)
 ✓ Compiled in 1989ms (1816 modules)
 ✓ Compiled in 445ms (1816 modules)
 ✓ Compiled in 1413ms (1816 modules)
 ✓ Compiled in 305ms (1816 modules)
 ✓ Compiled in 173ms (724 modules)
<w> [webpack.cache.PackFileCacheStrategy] Restoring pack from F:\meowmeow90\.next\cache\webpack\edge-server-development.pack.gz failed: TypeError: Cannot read properties of undefined (reading 'hasStartTime')
 ✓ Compiled in 818ms (2095 modules)
 ✓ Compiled in 132ms (724 modules)
 ✓ Compiled in 386ms (2095 modules)
 ✓ Compiled in 1380ms (1816 modules)
 ✓ Compiled in 843ms (1816 modules)
 ✓ Compiled in 329ms (1829 modules)
 ✓ Compiled in 314ms (1816 modules)
 ✓ Compiled in 659ms (724 modules)
 ✓ Compiled in 115ms (724 modules)
 ⨯ ./app/dashboard/page.tsx
Error: 
  [31mx[0m Unexpected token `div`. Expected jsx identifier
     ,-[[36;1;4mF:\meowmeow90\app\dashboard\page.tsx[0m:200:1]
 [2m200[0m |   };
 [2m201[0m | 
 [2m202[0m |   return (
 [2m203[0m |     <div style={S.page}>
     : [31;1m     ^^^[0m
 [2m204[0m | 
 [2m205[0m |       <div className="absolute inset-0 pointer-events-none" style={{ zIndex: 0, opacity: 0.15 }}>
 [2m206[0m |         <GhostFibers lineColor="#a855f7" glowColor="#8400ff" layers={2} />
     `----

Caused by:
    Syntax Error

Import trace for requested module:
./app/dashboard/page.tsx
 ✓ Compiled in 1767ms (1802 modules)
 ⨯ ./node_modules/next/dist/lib/require-instrumentation-client.js:11:1
Module not found: Can't resolve 'private-next-instrumentation-client'

https://nextjs.org/docs/messages/module-not-found

Import trace for requested module:
./node_modules/next/dist/client/page-bootstrap.js
./node_modules/next/dist/client/next-dev.js
 ⨯ ./node_modules/next/dist/lib/require-instrumentation-client.js:11:1
Module not found: Can't resolve 'private-next-instrumentation-client'

https://nextjs.org/docs/messages/module-not-found

Import trace for requested module:
./node_modules/next/dist/client/page-bootstrap.js
./node_modules/next/dist/client/next-dev.js
<w> [webpack.cache.PackFileCacheStrategy] Caching failed for pack: Error: ENOENT: no such file or directory, lstat 'F:\meowmeow90\node_modules\next\dist\build\webpack\plugins\define-env-plugin.js'
<w> [webpack.cache.PackFileCacheStrategy/webpack.FileSystemInfo] Resolving 'next/dist/build/webpack/plugins/define-env-plugin' in F:\meowmeow90\node_modules\next\dist\build\swc for build dependencies doesn't lead to expected result 'F:\meowmeow90\node_modules\next\dist\build\webpack\plugins\define-env-plugin.js', but to 'Error: Can't resolve 'next/dist/build/webpack/plugins/define-env-plugin' in 'F:\meowmeow90\node_modules\next\dist\build\swc'' instead. Resolving dependencies are ignored for this path.
<w>  at unknown 4 next/dist/build/webpack/plugins/define-env-plugin
<w>  at file dependencies F:\meowmeow90\node_modules\next\dist\build\swc\index.js
<w>  at file F:\meowmeow90\node_modules\next\dist\build\swc\index.js
<w>  at file dependencies F:\meowmeow90\node_modules\next\dist\build\swc\install-bindings.js
<w>  at file F:\meowmeow90\node_modules\next\dist\build\swc\install-bindings.js
<w>  at file dependencies F:\meowmeow90\node_modules\next\dist\build\webpack\loaders\next-app-loader\index.js
<w>  at file F:\meowmeow90\node_modules\next\dist\build\webpack\loaders\next-app-loader\index.js
<w>  at resolve commonjs F:\meowmeow90\node_modules\next\dist\build\webpack\loaders\next-app-loader\index.js
<w> [webpack.cache.PackFileCacheStrategy] Serializing big strings (141kiB) impacts deserialization performance (consider using Buffer instead and decode when needed)
<w> [webpack.cache.PackFileCacheStrategy] Restoring pack from F:\meowmeow90\.next\cache\webpack\edge-server-development.pack.gz failed: TypeError: Cannot read properties of undefined (reading 'hasStartTime')
 ✓ Compiled in 356ms (234 modules)
 ⨯ ./node_modules/next/dist/lib/require-instrumentation-client.js:11:1
Module not found: Can't resolve 'private-next-instrumentation-client'

https://nextjs.org/docs/messages/module-not-found

Import trace for requested module:
./node_modules/next/dist/client/page-bootstrap.js
./node_modules/next/dist/client/next-dev.js
 ⨯ ./node_modules/next/dist/lib/require-instrumentation-client.js:11:1
Module not found: Can't resolve 'private-next-instrumentation-client'

https://nextjs.org/docs/messages/module-not-found

Import trace for requested module:
./node_modules/next/dist/client/page-bootstrap.js
./node_modules/next/dist/client/next-dev.js
<w> [webpack.cache.PackFileCacheStrategy] Serializing big strings (275kiB) impacts deserialization performance (consider using Buffer instead and decode when needed)
 ⨯ ./node_modules/next/dist/lib/require-instrumentation-client.js:11:1
Module not found: Can't resolve 'private-next-instrumentation-client'

https://nextjs.org/docs/messages/module-not-found

Import trace for requested module:
./node_modules/next/dist/client/page-bootstrap.js
./node_modules/next/dist/client/next-dev.js
 ⨯ ./app/globals.css.webpack[javascript/auto]!=!./node_modules/next/dist/build/webpack/loaders/css-loader/src/index.js??ruleSet[1].rules[14].oneOf[12].use[2]!./node_modules/next/dist/build/webpack/loaders/postcss-loader/src/index.js??ruleSet[1].rules[14].oneOf[12].use[3]!./app/globals.css
Error: ENOENT: no such file or directory, open 'F:\meowmeow90\node_modules\tailwindcss\lib\css\preflight.css'
Import trace for requested module:
./app/globals.css.webpack[javascript/auto]!=!./node_modules/next/dist/build/webpack/loaders/css-loader/src/index.js??ruleSet[1].rules[14].oneOf[12].use[2]!./node_modules/next/dist/build/webpack/loaders/postcss-loader/src/index.js??ruleSet[1].rules[14].oneOf[12].use[3]!./app/globals.css
./app/globals.css
<w> [webpack.cache.PackFileCacheStrategy] Caching failed for pack: Error: ENOENT: no such file or directory, lstat 'F:\meowmeow90\node_modules\next\dist\build\webpack\plugins\define-env-plugin.js'
<w> [webpack.cache.PackFileCacheStrategy/webpack.FileSystemInfo] Resolving 'next/dist/build/webpack/plugins/define-env-plugin' in F:\meowmeow90\node_modules\next\dist\build\swc for build dependencies doesn't lead to expected result 'F:\meowmeow90\node_modules\next\dist\build\webpack\plugins\define-env-plugin.js', but to 'Error: Can't resolve 'next/dist/build/webpack/plugins/define-env-plugin' in 'F:\meowmeow90\node_modules\next\dist\build\swc'' instead. Resolving dependencies are ignored for this path.
<w>  at unknown 4 next/dist/build/webpack/plugins/define-env-plugin
<w>  at file dependencies F:\meowmeow90\node_modules\next\dist\build\swc\index.js
<w>  at file F:\meowmeow90\node_modules\next\dist\build\swc\index.js
<w>  at file dependencies F:\meowmeow90\node_modules\next\dist\build\swc\install-bindings.js
<w>  at file F:\meowmeow90\node_modules\next\dist\build\swc\install-bindings.js
<w>  at file dependencies F:\meowmeow90\node_modules\next\dist\build\webpack\loaders\next-app-loader\index.js
<w>  at file F:\meowmeow90\node_modules\next\dist\build\webpack\loaders\next-app-loader\index.js
<w>  at resolve commonjs F:\meowmeow90\node_modules\next\dist\build\webpack\loaders\next-app-loader\index.js
 ⨯ ./app/globals.css:8:1
Syntax error: F:\meowmeow90\app\globals.css `@layer base` is used but no matching `@tailwind base` directive is present.

 [90m  6 | [39m
 [90m  7 | [39m[90m/* ─── DESIGN TOKENS ─────────────────────────────────────── */[39m
[1m[31m>[39m[22m[90m  8 | [39m[36m@layer[39m base [33m{[39m
 [90m    | [39m[1m[31m^[39m[22m
 [90m  9 | [39m  [33m:[39mroot [33m{[39m
 [90m 10 | [39m    [90m/* Neutral slate foundation — not pitch black, has warmth */[39m
 ⨯ ./app/globals.css:8:1
Syntax error: F:\meowmeow90\app\globals.css `@layer base` is used but no matching `@tailwind base` directive is present.

 [90m  6 | [39m
 [90m  7 | [39m[90m/* ─── DESIGN TOKENS ─────────────────────────────────────── */[39m
[1m[31m>[39m[22m[90m  8 | [39m[36m@layer[39m base [33m{[39m
 [90m    | [39m[1m[31m^[39m[22m
 [90m  9 | [39m  [33m:[39mroot [33m{[39m
 [90m 10 | [39m    [90m/* Neutral slate foundation — not pitch black, has warmth */[39m
 ⨯ ./app/globals.css:8:1
Syntax error: F:\meowmeow90\app\globals.css `@layer base` is used but no matching `@tailwind base` directive is present.

 [90m  6 | [39m
 [90m  7 | [39m[90m/* ─── DESIGN TOKENS ─────────────────────────────────────── */[39m
[1m[31m>[39m[22m[90m  8 | [39m[36m@layer[39m base [33m{[39m
 [90m    | [39m[1m[31m^[39m[22m
 [90m  9 | [39m  [33m:[39mroot [33m{[39m
 [90m 10 | [39m    [90m/* Neutral slate foundation — not pitch black, has warmth */[39m
<w> [webpack.cache.PackFileCacheStrategy] Skipped not serializable cache item 'Compilation/modules|F:\meowmeow90\node_modules\next\dist\build\webpack\loaders\css-loader\src\index.js??ruleSet[1].rules[14].oneOf[12].use[2]!F:\meowmeow90\node_modules\next\dist\build\webpack\loaders\postcss-loader\src\index.js??ruleSet[1].rules[14].oneOf[12].use[3]!F:\meowmeow90\app\globals.css': No serializer registered for PostCSSSyntaxError
<w> while serializing webpack/lib/cache/PackFileCacheStrategy.PackContentItems -> webpack/lib/NormalModule -> webpack/lib/ModuleBuildError -> PostCSSSyntaxError
 ⨯ ./app/globals.css:8:1
Syntax error: F:\meowmeow90\app\globals.css `@layer base` is used but no matching `@tailwind base` directive is present.

 [90m  6 | [39m
 [90m  7 | [39m[90m/* ─── DESIGN TOKENS ─────────────────────────────────────── */[39m
[1m[31m>[39m[22m[90m  8 | [39m[36m@layer[39m base [33m{[39m
 [90m    | [39m[1m[31m^[39m[22m
 [90m  9 | [39m  [33m:[39mroot [33m{[39m
 [90m 10 | [39m    [90m/* Neutral slate foundation — not pitch black, has warmth */[39m
 ⨯ ./app/globals.css:8:1
Syntax error: F:\meowmeow90\app\globals.css `@layer base` is used but no matching `@tailwind base` directive is present.

 [90m  6 | [39m
 [90m  7 | [39m[90m/* ─── DESIGN TOKENS ─────────────────────────────────────── */[39m
[1m[31m>[39m[22m[90m  8 | [39m[36m@layer[39m base [33m{[39m
 [90m    | [39m[1m[31m^[39m[22m
 [90m  9 | [39m  [33m:[39mroot [33m{[39m
 [90m 10 | [39m    [90m/* Neutral slate foundation — not pitch black, has warmth */[39m
 ⨯ ./app/globals.css:8:1
Syntax error: F:\meowmeow90\app\globals.css `@layer base` is used but no matching `@tailwind base` directive is present.

 [90m  6 | [39m
 [90m  7 | [39m[90m/* ─── DESIGN TOKENS ─────────────────────────────────────── */[39m
[1m[31m>[39m[22m[90m  8 | [39m[36m@layer[39m base [33m{[39m
 [90m    | [39m[1m[31m^[39m[22m
 [90m  9 | [39m  [33m:[39mroot [33m{[39m
 [90m 10 | [39m    [90m/* Neutral slate foundation — not pitch black, has warmth */[39m
 ⨯ ./app/globals.css:8:1
Syntax error: F:\meowmeow90\app\globals.css `@layer base` is used but no matching `@tailwind base` directive is present.

 [90m  6 | [39m
 [90m  7 | [39m[90m/* ─── DESIGN TOKENS ─────────────────────────────────────── */[39m
[1m[31m>[39m[22m[90m  8 | [39m[36m@layer[39m base [33m{[39m
 [90m    | [39m[1m[31m^[39m[22m
 [90m  9 | [39m  [33m:[39mroot [33m{[39m
 [90m 10 | [39m    [90m/* Neutral slate foundation — not pitch black, has warmth */[39m
 ⨯ ./app/globals.css:8:1
Syntax error: F:\meowmeow90\app\globals.css `@layer base` is used but no matching `@tailwind base` directive is present.

 [90m  6 | [39m
 [90m  7 | [39m[90m/* ─── DESIGN TOKENS ─────────────────────────────────────── */[39m
[1m[31m>[39m[22m[90m  8 | [39m[36m@layer[39m base [33m{[39m
 [90m    | [39m[1m[31m^[39m[22m
 [90m  9 | [39m  [33m:[39mroot [33m{[39m
 [90m 10 | [39m    [90m/* Neutral slate foundation — not pitch black, has warmth */[39m
 ⨯ ./app/globals.css:8:1
Syntax error: F:\meowmeow90\app\globals.css `@layer base` is used but no matching `@tailwind base` directive is present.

 [90m  6 | [39m
 [90m  7 | [39m[90m/* ─── DESIGN TOKENS ─────────────────────────────────────── */[39m
[1m[31m>[39m[22m[90m  8 | [39m[36m@layer[39m base [33m{[39m
 [90m    | [39m[1m[31m^[39m[22m
 [90m  9 | [39m  [33m:[39mroot [33m{[39m
 [90m 10 | [39m    [90m/* Neutral slate foundation — not pitch black, has warmth */[39m
<w> [webpack.cache.PackFileCacheStrategy] Skipped not serializable cache item 'Compilation/modules|F:\meowmeow90\node_modules\next\dist\build\webpack\loaders\css-loader\src\index.js??ruleSet[1].rules[14].oneOf[12].use[2]!F:\meowmeow90\node_modules\next\dist\build\webpack\loaders\postcss-loader\src\index.js??ruleSet[1].rules[14].oneOf[12].use[3]!F:\meowmeow90\app\globals.css': No serializer registered for PostCSSSyntaxError
<w> while serializing webpack/lib/cache/PackFileCacheStrategy.PackContentItems -> webpack/lib/NormalModule -> webpack/lib/ModuleBuildError -> PostCSSSyntaxError
